grayscale
color
segmented
43137
11169
Corn_(maize)___Cercospora_leaf_spot Gray_leaf_spot 0.8031189083820662
Tomato___Septoria_leaf_spot 0.8051948051948052
Grape___healthy 0.7966903073286052
Tomato___Early_blight 0.86
Tomato___Tomato_Yellow_Leaf_Curl_Virus 0.8025014000373343
Potato___healthy 0.6842105263157895
Pepper,_bell___Bacterial_spot 0.7913741223671013
Grape___Leaf_blight_(Isariopsis_Leaf_Spot) 0.8029739776951673
Tomato___Spider_mites Two-spotted_spider_mite 0.837708830548926
Blueberry___healthy 0.7490013315579228
Tomato___Late_blight 0.784704033525406
Corn_(maize)___healthy 0.8012048192771084
Peach___healthy 0.825
Cherry_(including_sour)___Powdery_mildew 0.7129277566539924
Strawberry___Leaf_scorch 0.8052299368800722
Raspberry___healthy 0.568733153638814
Peach___Bacterial_spot 0.7988680888114933
Tomato___Target_Spot 0.7898860398860399
Soybean___healthy 0.8
Apple___Black_rot 0.8083735909822867
Apple___Cedar_apple_rust 0.7818181818181819
Grape___Esca_(Black_Measles) 0.8005780346820809
Strawberry___healthy 0.8771929824561403
Orange___Haunglongbing_(Citrus_greening) 0.7721082258943164
Corn_(maize)___Common_rust_ 0.8070469798657718
Tomato___healthy 0.8202388434946575
Potato___Late_blight 0.868
Apple___Apple_scab 0.6698412698412698
Pepper,_bell___healthy 0.7334235453315291
Potato___Early_blight 0.764
Tomato___Bacterial_spot 0.8081805359661495
Tomato___Tomato_mosaic_virus 0.8203753351206434
Cherry_(including_sour)___healthy 0.7962529274004684
Tomato___Leaf_Mold 0.8235294117647058
Squash___Powdery_mildew 0.8092643051771117
Corn_(maize)___Northern_Leaf_Blight 0.8142131979695432
Grape___Black_rot 0.7898305084745763
Apple___healthy 0.8091185410334346
Mean ::  0.7892819593519346
Variance:  0.0030335277133984317
{'Corn_(maize)___Cercospora_leaf_spot Gray_leaf_spot': 412, 'Tomato___Septoria_leaf_spot': 1426, 'Grape___healthy': 337, 'Tomato___Early_blight': 860, 'Tomato___Tomato_Yellow_Leaf_Curl_Virus': 4299, 'Potato___healthy': 104, 'Pepper,_bell___Bacterial_spot': 789, 'Grape___Leaf_blight_(Isariopsis_Leaf_Spot)': 864, 'Tomato___Spider_mites Two-spotted_spider_mite': 1404, 'Blueberry___healthy': 1125, 'Tomato___Late_blight': 1498, 'Corn_(maize)___healthy': 931, 'Peach___healthy': 297, 'Cherry_(including_sour)___Powdery_mildew': 750, 'Strawberry___Leaf_scorch': 893, 'Raspberry___healthy': 211, 'Peach___Bacterial_spot': 1835, 'Tomato___Target_Spot': 1109, 'Soybean___healthy': 4072, 'Apple___Black_rot': 502, 'Apple___Cedar_apple_rust': 215, 'Grape___Esca_(Black_Measles)': 1108, 'Strawberry___healthy': 400, 'Orange___Haunglongbing_(Citrus_greening)': 4252, 'Corn_(maize)___Common_rust_': 962, 'Tomato___healthy': 1305, 'Potato___Late_blight': 868, 'Apple___Apple_scab': 422, 'Pepper,_bell___healthy': 1084, 'Potato___Early_blight': 764, 'Tomato___Bacterial_spot': 1719, 'Tomato___Tomato_mosaic_virus': 306, 'Cherry_(including_sour)___healthy': 680, 'Tomato___Leaf_Mold': 784, 'Squash___Powdery_mildew': 1485, 'Corn_(maize)___Northern_Leaf_Blight': 802, 'Grape___Black_rot': 932, 'Apple___healthy': 1331}
